// Jest Snapshot v1, https://goo.gl/fbAQLP

exports[`should render component properly 1`] = `
<div
  className="dropzone-overlay"
>
  <h3
    className="dropzone-overlay__title"
  >
    Бросайте файлы сюда, я ловлю
  </h3>
  <p
    className="dropzone-overlay__subtitle"
  >
    Мы принимаем картинки (jpg, png, gif), офисные файлы (doc, xls, pdf) и zip-архивы.
    <br />
    Размеры файла до 5 МБ
  </p>
</div>
`;
